 HieOS

 Timestamp is 5ba10a23 (Tue Sep 18 23:22:27 2018)

 Preferred load address is 00100000

 Start         Length     Name                   Class
 0001:00000000 00003e04H .text$mn                CODE
 0002:00000000 0000006cH .rdata                  DATA
 0002:0000006c 00000000H .edata                  DATA
 0002:0000006c 000000b0H .rdata$zzzdbg           DATA
 0003:00000000 00000004H .CRT$XCA                DATA
 0003:00000004 00000004H .CRT$XCZ                DATA
 0003:00000008 00000004H .CRT$XIA                DATA
 0003:0000000c 00000004H .CRT$XIZ                DATA
 0003:00000010 00000280H .data                   DATA
 0003:00000290 00001400H .bss                    DATA

  Address         Publics by Value              Rva+Base       Lib:Object

 0000:00000000       ___hybrid_code_map         00000000     <absolute>
 0000:00000000       ___guard_fids_count        00000000     <absolute>
 0000:00000000       ___guard_longjmp_table     00000000     <absolute>
 0000:00000000       ___guard_iat_table         00000000     <absolute>
 0000:00000000       ___hybrid_auxiliary_iat    00000000     <absolute>
 0000:00000000       ___guard_longjmp_count     00000000     <absolute>
 0000:00000000       ___dynamic_value_reloc_table 00000000     <absolute>
 0000:00000000       ___guard_iat_count         00000000     <absolute>
 0000:00000000       ___hybrid_code_map_count   00000000     <absolute>
 0000:00000000       ___volatile_metadata       00000000     <absolute>
 0000:00000000       ___guard_flags             00000000     <absolute>
 0000:00000000       ___enclave_config          00000000     <absolute>
 0000:00000000       ___guard_fids_table        00000000     <absolute>
 0001:00000000       ?multiboot_entry@@YAXXZ    00100400 f   kmain.obj
 0001:00000040       ?kmain@@YAXKK@Z            00100440 f   kmain.obj
 0001:00000120       ?OutPort@@YAXGE@Z          00100520 f   LasConsole.obj
 0001:00000130       ?init@LasConsole@@YAXXZ    00100530 f   LasConsole.obj
 0001:000001d0       ?move_cursor@LasConsole@@YAXII@Z 001005d0 f   LasConsole.obj
 0001:00000260       ?print@LasConsole@@YAXD@Z  00100660 f   LasConsole.obj
 0001:000002c0       _strcpy                    001006c0 f   CommonLib:string.obj
 0001:00000300       _strlen                    00100700 f   CommonLib:string.obj
 0001:00000330       _strcmp                    00100730 f   CommonLib:string.obj
 0001:00000390       _strncmp                   00100790 f   CommonLib:string.obj
 0001:00000410       _strncasecmp               00100810 f   CommonLib:string.obj
 0001:000004c0       _strstr                    001008c0 f   CommonLib:string.obj
 0001:00000540       _strupr                    00100940 f   CommonLib:string.obj
 0001:00000590       _strcat                    00100990 f   CommonLib:string.obj
 0001:00000600       _strncat                   00100a00 f   CommonLib:string.obj
 0001:00000660       _strchr                    00100a60 f   CommonLib:string.obj
 0001:000006a0       _stricmp                   00100aa0 f   CommonLib:string.obj
 0001:00000790       _strpbrk                   00100b90 f   CommonLib:string.obj
 0001:000007e0       _strtok                    00100be0 f   CommonLib:string.obj
 0001:00000860       _strspn                    00100c60 f   CommonLib:string.obj
 0001:000008d0       _strncpy                   00100cd0 f   CommonLib:string.obj
 0001:00000920       _strnicmp                  00100d20 f   CommonLib:string.obj
 0001:00000990       _strnchr                   00100d90 f   CommonLib:string.obj
 0001:000009e0       _strrchr                   00100de0 f   CommonLib:string.obj
 0001:00000a30       _strxfrm                   00100e30 f   CommonLib:string.obj
 0001:00000ac0       _strcoll                   00100ec0 f   CommonLib:string.obj
 0001:00000ae0       _strtod                    00100ee0 f   CommonLib:string.obj
 0001:00000e80       _strcspn                   00101280 f   CommonLib:string.obj
 0001:00000ef0       _ftoa_fixed                001012f0 f   CommonLib:string.obj
 0001:00001090       _ftoa_sci                  00101490 f   CommonLib:string.obj
 0001:000011f0       _strichr                   001015f0 f   CommonLib:string.obj
 0001:00001250       _strtok_r                  00101650 f   CommonLib:string.obj
 0001:00001370       _memsetw                   00101770 f   CommonLib:string.obj
 0001:000013b0       ?normalize@@YAHPAN@Z       001017b0 f   CommonLib:string.obj
 0001:00001470       _sprintf                   00101870 f   CommonLib:sprintf.obj
 0001:000014a0       _itoa                      001018a0 f   CommonLib:sprintf.obj
 0001:00001570       _itoa_s                    00101970 f   CommonLib:sprintf.obj
 0001:000015a0       __i64toa                   001019a0 f   CommonLib:sprintf.obj
 0001:000016b0       ?itoa_s@@YAXHIPAD@Z        00101ab0 f   CommonLib:sprintf.obj
 0001:000016f0       _atexit                    00101af0 f   CommonLib:cstd.obj
 0001:00001740       ?_atexit_init@@YAXXZ       00101b40 f   CommonLib:cstd.obj
 0001:00001760       ?Exit@@YAXXZ               00101b60 f   CommonLib:cstd.obj
 0001:000017a0       ?InitializeConstructors@@YAXXZ 00101ba0 f   CommonLib:cstd.obj
 0001:000017c0       ?_purecall_handler@@YAHXZ  00101bc0 f   CommonLib:cstd.obj
 0001:000017d0       __CIcos                    00101bd0 f   CommonLib:cstd.obj
 0001:000017e0       __CIsin                    00101be0 f   CommonLib:cstd.obj
 0001:000017f0       __CIsqrt                   00101bf0 f   CommonLib:cstd.obj
 0001:00001800       __ftol2_sse                00101c00 f   CommonLib:cstd.obj
 0001:00001810       __aullshr                  00101c10 f   CommonLib:cstd.obj
 0001:00001830       __dtol3                    00101c30 f   CommonLib:cstd.obj
 0001:00001840       __dtoui3                   00101c40 f   CommonLib:cstd.obj
 0001:00001850       __dtoul3                   00101c50 f   CommonLib:cstd.obj
 0001:00001890       _strtoul                   00101c90 f   CommonLib:stdio.obj
 0001:00001af0       _vsprintf                  00101ef0 f   CommonLib:stdio.obj
 0001:00002020       _strtol                    00102420 f   CommonLib:stdio.obj
 0001:000022b0       _atoi                      001026b0 f   CommonLib:stdio.obj
 0001:000022d0       _atof                      001026d0 f   CommonLib:stdio.obj
 0001:00002460       _sscanf                    00102860 f   CommonLib:stdio.obj
 0001:00002490       _simple_strtoul            00102890 f   CommonLib:stdio.obj
 0001:000025c0       _simple_strtol             001029c0 f   CommonLib:stdio.obj
 0001:00002600       _simple_strtoull           00102a00 f   CommonLib:stdio.obj
 0001:00002750       _simple_strtoll            00102b50 f   CommonLib:stdio.obj
 0001:000027a0       _vnsprintf                 00102ba0 f   CommonLib:stdio.obj
 0001:00002ce0       ?vsscanf@@YAHPBD0PAE@Z     001030e0 f   CommonLib:stdio.obj
 0001:00003410       _memcpy                    00103810 f   CommonLib:memory.obj
 0001:00003460       _memset                    00103860 f   CommonLib:memory.obj
 0001:00003490       _memcmp                    00103890 f   CommonLib:memory.obj
 0001:00003500       _memmove                   00103900 f   CommonLib:memory.obj
 0001:00003580       _memchr                    00103980 f   CommonLib:memory.obj
 0001:000035d0       __aulldiv                  001039d0 f   CommonLib:ulldiv.obj
 0001:00003640       __aullrem                  00103a40 f   CommonLib:ullrem.obj
 0001:000038b0       _atob                      00103cb0 f   CommonLib:atob.obj
 0001:00003900       _btoa                      00103d00 f   CommonLib:atob.obj
 0001:00003a70       _gethex                    00103e70 f   CommonLib:atob.obj
 0001:00003c00       __isctype                  00104000 f   CommonLib:ctype.obj
 0001:00003c30       _isspace                   00104030 f   CommonLib:ctype.obj
 0001:00003c50       _isupper                   00104050 f   CommonLib:ctype.obj
 0001:00003c70       _islower                   00104070 f   CommonLib:ctype.obj
 0001:00003c90       _isdigit                   00104090 f   CommonLib:ctype.obj
 0001:00003cb0       _isxdigit                  001040b0 f   CommonLib:ctype.obj
 0001:00003cd0       _ispunct                   001040d0 f   CommonLib:ctype.obj
 0001:00003cf0       _isalpha                   001040f0 f   CommonLib:ctype.obj
 0001:00003d10       _isalnum                   00104110 f   CommonLib:ctype.obj
 0001:00003d30       _isprint                   00104130 f   CommonLib:ctype.obj
 0001:00003d50       _isgraph                   00104150 f   CommonLib:ctype.obj
 0001:00003d70       _iscntrl                   00104170 f   CommonLib:ctype.obj
 0001:00003d90       _isleadbyte                00104190 f   CommonLib:ctype.obj
 0001:00003db0       _toupper                   001041b0 f   CommonLib:ctype.obj
 0001:00003de0       _tolower                   001041e0 f   CommonLib:ctype.obj
 0002:00000000       __real@0000000000000000    00104400     CommonLib:string.obj
 0002:00000008       __real@3fb999999999999a    00104408     CommonLib:string.obj
 0002:00000010       __real@3ff0000000000000    00104410     CommonLib:string.obj
 0002:00000018       __real@4024000000000000    00104418     CommonLib:string.obj
 0002:00000020       __real@41cdcd6500000000    00104420     CommonLib:string.obj
 0002:00000030       __xmm@80000000000000008000000000000000 00104430     CommonLib:string.obj
 0003:00000000       ?__xc_a@@3PAP6AXXZA        00104800     CommonLib:cstd.obj
 0003:00000004       ?__xc_z@@3PAP6AXXZA        00104804     CommonLib:cstd.obj
 0003:00000008       ?__xi_a@@3PAP6AXXZA        00104808     CommonLib:cstd.obj
 0003:0000000c       ?__xi_z@@3PAP6AXXZA        0010480c     CommonLib:cstd.obj
 0003:00000060       ?bchars@@3PADA             00104860     CommonLib:sprintf.obj
 0003:00000070       __fltused                  00104870     CommonLib:cstd.obj
 0003:00000080       __pctype                   00104880     CommonLib:ctype.obj
 0003:00000088       ?_ctype@@3PAGA             00104888     CommonLib:ctype.obj
 0003:000002dc       ?tbuf@@3PADA               00104adc     CommonLib:sprintf.obj
 0003:00000300       ?runtimeTempBuffer@@3PADA  00104b00     CommonLib:cstd.obj

 entry point at        0001:00000000

 Static symbols

 0001:000012f0       ?ToUpper@@YAEE@Z           001016f0 f   CommonLib:string.obj
 0001:00001320       ?IsDigit@@YAEE@Z           00101720 f   CommonLib:string.obj
 0001:00001340       ?IsSpace@@YAEE@Z           00101740 f   CommonLib:string.obj
 0001:00001440       ?ToLower@@YAEE@Z           00101840 f   CommonLib:string.obj
 0001:00001860       ?_initterm@@YAXPAP6AXXZ0@Z 00101c60 f   CommonLib:cstd.obj
 0001:00001fc4       $LN27                      001023c4     CommonLib:stdio.obj
 0001:00001fec       $LN26                      001023ec     CommonLib:stdio.obj
 0001:00002c34       $LN25                      00103034     CommonLib:stdio.obj
 0001:00002c5c       $LN24                      0010305c     CommonLib:stdio.obj
 0001:00002c90       ?skip_atoi@@YAHPAPBD@Z     00103090 f   CommonLib:stdio.obj
 0001:0000334c       $LN78                      0010374c     CommonLib:stdio.obj
 0001:00003374       $LN76                      00103774     CommonLib:stdio.obj
 0001:000033c8       $LN79                      001037c8     CommonLib:stdio.obj
 0001:000033dc       $LN77                      001037dc     CommonLib:stdio.obj
 0001:000035d0       $$000000                   001039d0     CommonLib:ulldiv.obj
 0001:00003640       $$000000                   00103a40     CommonLib:ullrem.obj
 0001:000036c0       __atob                     00103ac0 f   CommonLib:atob.obj
 0001:00003b50       __getbase                  00103f50 f   CommonLib:atob.obj
 0001:00003be4       $LN11                      00103fe4     CommonLib:atob.obj
 0001:00003bf4       $LN10                      00103ff4     CommonLib:atob.obj
 0002:00000040       $SG3261                    00104440     CommonLib:stdio.obj
 0003:00000010       ?maxExponent@@3HA          00104810     CommonLib:string.obj
 0003:00000018       ?powersOf10@@3PANA         00104818     CommonLib:string.obj
 0003:00000074       ?max_atexitlist_entries@@3IA 00104874     CommonLib:cstd.obj
 0003:00000078       $SG4638                    00104878     CommonLib:atob.obj
 0003:00000290       ?_Color@LasConsole@@3W4ConsoleColor@@A 00104a90     LasConsole.obj
 0003:00000294       ?_Text@LasConsole@@3W4ConsoleColor@@A 00104a94     LasConsole.obj
 0003:00000298       ?_backGroundColor@LasConsole@@3W4ConsoleColor@@A 00104a98     LasConsole.obj
 0003:0000029c       ?_xPos@LasConsole@@3IA     00104a9c     LasConsole.obj
 0003:000002a0       ?_yPos@LasConsole@@3IA     00104aa0     LasConsole.obj
 0003:000002a4       ?_pVideoMemory@LasConsole@@3PAGA 00104aa4     LasConsole.obj
 0003:000002a8       ?_ScreenHeight@LasConsole@@3IA 00104aa8     LasConsole.obj
 0003:000002ac       ?_ScreenWidth@LasConsole@@3IA 00104aac     LasConsole.obj
 0003:000002b0       ?_VideoCardType@LasConsole@@3GA 00104ab0     LasConsole.obj
 0003:000002b4       ?m_Color@SkyConsole@@3W4ConsoleColor@@A 00104ab4     SkyConsole.obj
 0003:000002b8       ?m_Text@SkyConsole@@3W4ConsoleColor@@A 00104ab8     SkyConsole.obj
 0003:000002bc       ?m_backGroundColor@SkyConsole@@3W4ConsoleColor@@A 00104abc     SkyConsole.obj
 0003:000002c0       ?m_xPos@SkyConsole@@3IA    00104ac0     SkyConsole.obj
 0003:000002c4       ?m_yPos@SkyConsole@@3IA    00104ac4     SkyConsole.obj
 0003:000002c8       ?m_pVideoMemory@SkyConsole@@3PAGA 00104ac8     SkyConsole.obj
 0003:000002cc       ?m_ScreenHeight@SkyConsole@@3IA 00104acc     SkyConsole.obj
 0003:000002d0       ?m_ScreenWidth@SkyConsole@@3IA 00104ad0     SkyConsole.obj
 0003:000002d4       ?m_VideoCardType@SkyConsole@@3GA 00104ad4     SkyConsole.obj
 0003:000002d8       ?lastToken@?1??strtok@@9@4PADA 00104ad8     CommonLib:string.obj
 0003:00001688       ?pf_atexitlist@@3PAP6AXXZA 00105e88     CommonLib:cstd.obj
 0003:0000168c       ?cur_atexitlist_entries@@3IA 00105e8c     CommonLib:cstd.obj

 Exports

  ordinal    name

