 SkyOS32

 Timestamp is 5b90e879 (Thu Sep  6 17:42:33 2018)

 Preferred load address is 00100000

 Start         Length     Name                   Class
 0001:00000000 00003ba4H .text$mn                CODE
 0002:00000000 0000006cH .rdata                  DATA
 0002:0000006c 00000000H .edata                  DATA
 0002:0000006c 000000b0H .rdata$zzzdbg           DATA
 0003:00000000 00000004H .CRT$XCA                DATA
 0003:00000004 00000004H .CRT$XCZ                DATA
 0003:00000008 00000004H .CRT$XIA                DATA
 0003:0000000c 00000004H .CRT$XIZ                DATA
 0003:00000010 00000280H .data                   DATA
 0003:00000290 000013d8H .bss                    DATA

  Address         Publics by Value              Rva+Base       Lib:Object

 0000:00000000       ___hybrid_code_map         00000000     <absolute>
 0000:00000000       ___guard_fids_table        00000000     <absolute>
 0000:00000000       ___guard_iat_count         00000000     <absolute>
 0000:00000000       ___guard_fids_count        00000000     <absolute>
 0000:00000000       ___guard_longjmp_table     00000000     <absolute>
 0000:00000000       ___guard_iat_table         00000000     <absolute>
 0000:00000000       ___volatile_metadata       00000000     <absolute>
 0000:00000000       ___guard_longjmp_count     00000000     <absolute>
 0000:00000000       ___hybrid_auxiliary_iat    00000000     <absolute>
 0000:00000000       ___dynamic_value_reloc_table 00000000     <absolute>
 0000:00000000       ___hybrid_code_map_count   00000000     <absolute>
 0000:00000000       ___enclave_config          00000000     <absolute>
 0000:00000000       ___guard_flags             00000000     <absolute>
 0001:00000000       ?multiboot_entry@@YAXXZ    00100400 f   kmain.obj
 0001:00000040       ?InitializeConstructor@@YAXXZ 00100440 f   kmain.obj
 0001:00000050       ?kmain@@YAXKK@Z            00100450 f   kmain.obj
 0001:00000060       _strcpy                    00100460 f   CommonLib:string.obj
 0001:000000a0       _strlen                    001004a0 f   CommonLib:string.obj
 0001:000000d0       _strcmp                    001004d0 f   CommonLib:string.obj
 0001:00000130       _strncmp                   00100530 f   CommonLib:string.obj
 0001:000001b0       _strncasecmp               001005b0 f   CommonLib:string.obj
 0001:00000260       _strstr                    00100660 f   CommonLib:string.obj
 0001:000002e0       _strupr                    001006e0 f   CommonLib:string.obj
 0001:00000330       _strcat                    00100730 f   CommonLib:string.obj
 0001:000003a0       _strncat                   001007a0 f   CommonLib:string.obj
 0001:00000400       _strchr                    00100800 f   CommonLib:string.obj
 0001:00000440       _stricmp                   00100840 f   CommonLib:string.obj
 0001:00000530       _strpbrk                   00100930 f   CommonLib:string.obj
 0001:00000580       _strtok                    00100980 f   CommonLib:string.obj
 0001:00000600       _strspn                    00100a00 f   CommonLib:string.obj
 0001:00000670       _strncpy                   00100a70 f   CommonLib:string.obj
 0001:000006c0       _strnicmp                  00100ac0 f   CommonLib:string.obj
 0001:00000730       _strnchr                   00100b30 f   CommonLib:string.obj
 0001:00000780       _strrchr                   00100b80 f   CommonLib:string.obj
 0001:000007d0       _strxfrm                   00100bd0 f   CommonLib:string.obj
 0001:00000860       _strcoll                   00100c60 f   CommonLib:string.obj
 0001:00000880       _strtod                    00100c80 f   CommonLib:string.obj
 0001:00000c20       _strcspn                   00101020 f   CommonLib:string.obj
 0001:00000c90       _ftoa_fixed                00101090 f   CommonLib:string.obj
 0001:00000e30       _ftoa_sci                  00101230 f   CommonLib:string.obj
 0001:00000f90       _strichr                   00101390 f   CommonLib:string.obj
 0001:00000ff0       _strtok_r                  001013f0 f   CommonLib:string.obj
 0001:00001110       _memsetw                   00101510 f   CommonLib:string.obj
 0001:00001150       ?normalize@@YAHPAN@Z       00101550 f   CommonLib:string.obj
 0001:00001210       _sprintf                   00101610 f   CommonLib:sprintf.obj
 0001:00001240       _itoa                      00101640 f   CommonLib:sprintf.obj
 0001:00001310       _itoa_s                    00101710 f   CommonLib:sprintf.obj
 0001:00001340       __i64toa                   00101740 f   CommonLib:sprintf.obj
 0001:00001450       ?itoa_s@@YAXHIPAD@Z        00101850 f   CommonLib:sprintf.obj
 0001:00001490       _atexit                    00101890 f   CommonLib:cstd.obj
 0001:000014e0       ?_atexit_init@@YAXXZ       001018e0 f   CommonLib:cstd.obj
 0001:00001500       ?Exit@@YAXXZ               00101900 f   CommonLib:cstd.obj
 0001:00001540       ?InitializeConstructors@@YAXXZ 00101940 f   CommonLib:cstd.obj
 0001:00001560       ?_purecall_handler@@YAHXZ  00101960 f   CommonLib:cstd.obj
 0001:00001570       __CIcos                    00101970 f   CommonLib:cstd.obj
 0001:00001580       __CIsin                    00101980 f   CommonLib:cstd.obj
 0001:00001590       __CIsqrt                   00101990 f   CommonLib:cstd.obj
 0001:000015a0       __ftol2_sse                001019a0 f   CommonLib:cstd.obj
 0001:000015b0       __aullshr                  001019b0 f   CommonLib:cstd.obj
 0001:000015d0       __dtol3                    001019d0 f   CommonLib:cstd.obj
 0001:000015e0       __dtoui3                   001019e0 f   CommonLib:cstd.obj
 0001:000015f0       __dtoul3                   001019f0 f   CommonLib:cstd.obj
 0001:00001630       _strtoul                   00101a30 f   CommonLib:stdio.obj
 0001:00001890       _vsprintf                  00101c90 f   CommonLib:stdio.obj
 0001:00001dc0       _strtol                    001021c0 f   CommonLib:stdio.obj
 0001:00002050       _atoi                      00102450 f   CommonLib:stdio.obj
 0001:00002070       _atof                      00102470 f   CommonLib:stdio.obj
 0001:00002200       _sscanf                    00102600 f   CommonLib:stdio.obj
 0001:00002230       _simple_strtoul            00102630 f   CommonLib:stdio.obj
 0001:00002360       _simple_strtol             00102760 f   CommonLib:stdio.obj
 0001:000023a0       _simple_strtoull           001027a0 f   CommonLib:stdio.obj
 0001:000024f0       _simple_strtoll            001028f0 f   CommonLib:stdio.obj
 0001:00002540       _vnsprintf                 00102940 f   CommonLib:stdio.obj
 0001:00002a80       ?vsscanf@@YAHPBD0PAE@Z     00102e80 f   CommonLib:stdio.obj
 0001:000031b0       _memcpy                    001035b0 f   CommonLib:memory.obj
 0001:00003200       _memset                    00103600 f   CommonLib:memory.obj
 0001:00003230       _memcmp                    00103630 f   CommonLib:memory.obj
 0001:000032a0       _memmove                   001036a0 f   CommonLib:memory.obj
 0001:00003320       _memchr                    00103720 f   CommonLib:memory.obj
 0001:00003370       __aulldiv                  00103770 f   CommonLib:ulldiv.obj
 0001:000033e0       __aullrem                  001037e0 f   CommonLib:ullrem.obj
 0001:00003650       _atob                      00103a50 f   CommonLib:atob.obj
 0001:000036a0       _btoa                      00103aa0 f   CommonLib:atob.obj
 0001:00003810       _gethex                    00103c10 f   CommonLib:atob.obj
 0001:000039a0       __isctype                  00103da0 f   CommonLib:ctype.obj
 0001:000039d0       _isspace                   00103dd0 f   CommonLib:ctype.obj
 0001:000039f0       _isupper                   00103df0 f   CommonLib:ctype.obj
 0001:00003a10       _islower                   00103e10 f   CommonLib:ctype.obj
 0001:00003a30       _isdigit                   00103e30 f   CommonLib:ctype.obj
 0001:00003a50       _isxdigit                  00103e50 f   CommonLib:ctype.obj
 0001:00003a70       _ispunct                   00103e70 f   CommonLib:ctype.obj
 0001:00003a90       _isalpha                   00103e90 f   CommonLib:ctype.obj
 0001:00003ab0       _isalnum                   00103eb0 f   CommonLib:ctype.obj
 0001:00003ad0       _isprint                   00103ed0 f   CommonLib:ctype.obj
 0001:00003af0       _isgraph                   00103ef0 f   CommonLib:ctype.obj
 0001:00003b10       _iscntrl                   00103f10 f   CommonLib:ctype.obj
 0001:00003b30       _isleadbyte                00103f30 f   CommonLib:ctype.obj
 0001:00003b50       _toupper                   00103f50 f   CommonLib:ctype.obj
 0001:00003b80       _tolower                   00103f80 f   CommonLib:ctype.obj
 0002:00000000       __real@0000000000000000    00104000     CommonLib:string.obj
 0002:00000008       __real@3fb999999999999a    00104008     CommonLib:string.obj
 0002:00000010       __real@3ff0000000000000    00104010     CommonLib:string.obj
 0002:00000018       __real@4024000000000000    00104018     CommonLib:string.obj
 0002:00000020       __real@41cdcd6500000000    00104020     CommonLib:string.obj
 0002:00000030       __xmm@80000000000000008000000000000000 00104030     CommonLib:string.obj
 0003:00000000       ?__xc_a@@3PAP6AXXZA        00104400     CommonLib:cstd.obj
 0003:00000004       ?__xc_z@@3PAP6AXXZA        00104404     CommonLib:cstd.obj
 0003:00000008       ?__xi_a@@3PAP6AXXZA        00104408     CommonLib:cstd.obj
 0003:0000000c       ?__xi_z@@3PAP6AXXZA        0010440c     CommonLib:cstd.obj
 0003:00000060       ?bchars@@3PADA             00104460     CommonLib:sprintf.obj
 0003:00000070       __fltused                  00104470     CommonLib:cstd.obj
 0003:00000080       __pctype                   00104480     CommonLib:ctype.obj
 0003:00000088       ?_ctype@@3PAGA             00104488     CommonLib:ctype.obj
 0003:000002b8       ?tbuf@@3PADA               001046b8     CommonLib:sprintf.obj
 0003:000002d8       ?runtimeTempBuffer@@3PADA  001046d8     CommonLib:cstd.obj

 entry point at        0001:00000000

 Static symbols

 0001:00001090       ?ToUpper@@YAEE@Z           00101490 f   CommonLib:string.obj
 0001:000010c0       ?IsDigit@@YAEE@Z           001014c0 f   CommonLib:string.obj
 0001:000010e0       ?IsSpace@@YAEE@Z           001014e0 f   CommonLib:string.obj
 0001:000011e0       ?ToLower@@YAEE@Z           001015e0 f   CommonLib:string.obj
 0001:00001600       ?_initterm@@YAXPAP6AXXZ0@Z 00101a00 f   CommonLib:cstd.obj
 0001:00001d64       $LN27                      00102164     CommonLib:stdio.obj
 0001:00001d8c       $LN26                      0010218c     CommonLib:stdio.obj
 0001:000029d4       $LN25                      00102dd4     CommonLib:stdio.obj
 0001:000029fc       $LN24                      00102dfc     CommonLib:stdio.obj
 0001:00002a30       ?skip_atoi@@YAHPAPBD@Z     00102e30 f   CommonLib:stdio.obj
 0001:000030ec       $LN78                      001034ec     CommonLib:stdio.obj
 0001:00003114       $LN76                      00103514     CommonLib:stdio.obj
 0001:00003168       $LN79                      00103568     CommonLib:stdio.obj
 0001:0000317c       $LN77                      0010357c     CommonLib:stdio.obj
 0001:00003370       $$000000                   00103770     CommonLib:ulldiv.obj
 0001:000033e0       $$000000                   001037e0     CommonLib:ullrem.obj
 0001:00003460       __atob                     00103860 f   CommonLib:atob.obj
 0001:000038f0       __getbase                  00103cf0 f   CommonLib:atob.obj
 0001:00003984       $LN11                      00103d84     CommonLib:atob.obj
 0001:00003994       $LN10                      00103d94     CommonLib:atob.obj
 0002:00000040       $SG3261                    00104040     CommonLib:stdio.obj
 0003:00000010       ?maxExponent@@3HA          00104410     CommonLib:string.obj
 0003:00000018       ?powersOf10@@3PANA         00104418     CommonLib:string.obj
 0003:00000074       ?max_atexitlist_entries@@3IA 00104474     CommonLib:cstd.obj
 0003:00000078       $SG4638                    00104478     CommonLib:atob.obj
 0003:00000290       ?m_Color@SkyConsole@@3W4ConsoleColor@@A 00104690     SkyConsole.obj
 0003:00000294       ?m_Text@SkyConsole@@3W4ConsoleColor@@A 00104694     SkyConsole.obj
 0003:00000298       ?m_backGroundColor@SkyConsole@@3W4ConsoleColor@@A 00104698     SkyConsole.obj
 0003:0000029c       ?m_xPos@SkyConsole@@3IA    0010469c     SkyConsole.obj
 0003:000002a0       ?m_yPos@SkyConsole@@3IA    001046a0     SkyConsole.obj
 0003:000002a4       ?m_pVideoMemory@SkyConsole@@3PAGA 001046a4     SkyConsole.obj
 0003:000002a8       ?m_ScreenHeight@SkyConsole@@3IA 001046a8     SkyConsole.obj
 0003:000002ac       ?m_ScreenWidth@SkyConsole@@3IA 001046ac     SkyConsole.obj
 0003:000002b0       ?m_VideoCardType@SkyConsole@@3GA 001046b0     SkyConsole.obj
 0003:000002b4       ?lastToken@?1??strtok@@9@4PADA 001046b4     CommonLib:string.obj
 0003:00001660       ?pf_atexitlist@@3PAP6AXXZA 00105a60     CommonLib:cstd.obj
 0003:00001664       ?cur_atexitlist_entries@@3IA 00105a64     CommonLib:cstd.obj
